// Jest Snapshot v1, https://goo.gl/fbAQLP

exports[`components/page/SideMenu renders side menu correctly 1`] = `
<ul
  className="side-collapse-nav nav"
  id="Home"
  onClick={[Function]}
>
  <NavItem
    tag="li"
  >
    <li
      className="nav-item"
    >
      <NavLink
        className="nav nav-link side-nav-item active-collapse-menu"
        to="/"
      >
        <Link
          aria-current="page"
          className="nav nav-link side-nav-item active-collapse-menu active"
          style={Object {}}
          to="/"
        >
          <a
            aria-current="page"
            className="nav nav-link side-nav-item active-collapse-menu active"
            href="/"
            onClick={[Function]}
            style={Object {}}
          >
            <FontAwesomeIcon
              border={false}
              className=""
              fixedWidth={false}
              flip={null}
              icon={
                Array [
                  "fas",
                  "home",
                ]
              }
              inverse={false}
              listItem={false}
              mask={null}
              pull={null}
              pulse={false}
              rotation={null}
              size="lg"
              spin={false}
              symbol={false}
              title=""
              transform={null}
            />
            <span
              className="collapse-menu-title"
            >
               
              Home
               
            </span>
          </a>
        </Link>
      </NavLink>
    </li>
  </NavItem>
</ul>
`;

exports[`components/page/SideMenu sets the collapsedModuleLabel correctly from clicks on parentNavs: Everything 1`] = `
"Snapshot Diff:
- First value
+ Second value

@@ -122,11 +122,11 @@
                  <div
                    className=\\"side-menu-extend col\\"
                  >
                    <withRouter(SubMenu)
                      childNavs={Array []}
-                     collapsedModuleLabel=\\"\\"
+                     collapsedModuleLabel=\\"Pregnancy\\"
                      key=\\"0\\"
                      parentNav={
                        Object {
                          \\"icon\\": Array [
                            \\"fas\\",
@@ -138,11 +138,11 @@
                      }
                      setCollapsedModuleLabel={[Function anonymous]}
                    >
                      <SubMenu
                        childNavs={Array []}
-                       collapsedModuleLabel=\\"\\"
+                       collapsedModuleLabel=\\"Pregnancy\\"
                        history={
                          Object {
                            \\"action\\": \\"POP\\",
                            \\"block\\": [Function block],
                            \\"createHref\\": [Function createHref],
@@ -320,11 +320,11 @@
                            \\"label\\": \\"Analysis\\",
                            \\"url\\": \\"/analysis\\",
                          },
                        ]
                      }
-                     collapsedModuleLabel=\\"\\"
+                     collapsedModuleLabel=\\"Pregnancy\\"
                      key=\\"1\\"
                      parentNav={
                        Object {
                          \\"icon\\": Array [
                            \\"far\\",
@@ -351,11 +351,11 @@
                              \\"label\\": \\"Analysis\\",
                              \\"url\\": \\"/analysis\\",
                            },
                          ]
                        }
-                       collapsedModuleLabel=\\"\\"
+                       collapsedModuleLabel=\\"Pregnancy\\"
                        history={
                          Object {
                            \\"action\\": \\"POP\\",
                            \\"block\\": [Function block],
                            \\"createHref\\": [Function createHref],
@@ -496,11 +496,11 @@
                          <Collapse
                            appear={false}
                            enter={true}
                            exit={true}
                            in={false}
-                           isOpen={false}
+                           isOpen={true}
                            mountOnEnter={false}
                            onEnter={[Function noop]}
                            onEntered={[Function noop]}
                            onEntering={[Function noop]}
                            onExit={[Function noop]}
@@ -512,11 +512,11 @@
                          >
                            <Transition
                              appear={false}
                              enter={true}
                              exit={true}
-                             in={false}
+                             in={true}
                              mountOnEnter={false}
                              onEnter={[Function noop]}
                              onEntered={[Function bound onEntered]}
                              onEntering={[Function bound onEntering]}
                              onExit={[Function bound onExit]}
@@ -524,12 +524,16 @@
                              onExiting={[Function bound onExiting]}
                              timeout={350}
                              unmountOnExit={false}
                            >
                              <div
-                               className=\\"collapse\\"
-                               style={Object {}}
+                               className=\\"collapsing\\"
+                               style={
+                                 Object {
+                                   \\"height\\": 0,
+                                 }
+                               }
                              >
                                <Nav
                                  key=\\"child-nav-0\\"
                                  tag=\\"ul\\"
                                  vertical={false}"
`;
