// Jest Snapshot v1, https://goo.gl/fbAQLP

exports[`containers/households/Profile render the basic information and member list correctly 1`] = `ReactWrapper {}`;
