// Jest Snapshot v1, https://goo.gl/fbAQLP

exports[`helpers/utils: EditSettingsButton renders correctly 1`] = `
<div
  className="popup"
  key="pop_undernourish"
>
  <a
    href="#"
    onClick={[Function]}
  >
    Edit
  </a>
  <ClickOutside
    onClick={[Function]}
  >
    <div
      className="popuptext "
    >
      <div
        onClick={[Function]}
      >
        <span
          className="empty-check"
        />
        <span>
          Set to 'Yes'
        </span>
      </div>
      <div
        onClick={[Function]}
      >
        <span
          className="check"
        />
        <span>
          Set to 'No'
        </span>
      </div>
      <div
        className="inherit-from"
        onClick={[Function]}
      >
        <span
          className="empty-check"
        />
        <span>
          Inherit setting
        </span>
      </div>
    </div>
  </ClickOutside>
</div>
`;
