// Jest Snapshot v1, https://goo.gl/fbAQLP

exports[`components/page/InfoCard renders without crashing 1`] = `ShallowWrapper {}`;
