// Jest Snapshot v1, https://goo.gl/fbAQLP

exports[`components/RegisterPanel renders the InfoCard component 1`] = `
<RegisterPanel
  client={
    Object {
      "_id": "9b67a82d-dac7-40c0-85aa-e5976339a6b6",
      "_rev": "v1",
      "addresses": Array [
        Object {
          "addressFields": null,
          "addressType": "",
          "cityVillage": "Tha Luang",
          "country": null,
          "countyDistrict": null,
          "endDate": null,
          "geopoint": null,
          "latitude": null,
          "longitude": null,
          "postalCode": null,
          "preferred": null,
          "startDate": null,
          "stateProvince": null,
          "subDistrict": null,
          "subTown": null,
          "town": null,
        },
      ],
      "attributes": Object {
        "residence": "da765947-5e4d-49f7-9eb8-2d2d00681f65",
      },
      "baseEntityId": "71ad460c-bf76-414e-9be1-0d1b2cb1bce8",
      "birthdate": 7200000,
      "birthdateApprox": false,
      "clientApplicationVersion": 2,
      "clientDatabaseVersion": 2,
      "dateCreated": 1557670951023,
      "deathdateApprox": false,
      "firstName": "Khumpai",
      "gender": "Male",
      "identifiers": Object {
        "opensrp_id": "11096120_family",
      },
      "lastName": "Family",
      "relationships": Object {
        "family_head": Array [
          "7d97182f-d623-4553-8651-5a29d2fe3f0b",
        ],
        "primary_caregiver": Array [
          "7d97182f-d623-4553-8651-5a29d2fe3f0b",
        ],
      },
      "serverVersion": 1557670950986,
      "type": "Client",
    }
  }
  registerData={
    Array [
      Object {
        "date": "20-03-2020",
        "message": "opv1",
        "report": "0 weeks",
        "reporter": "tanvir",
      },
      Object {
        "date": "20-04-2020",
        "message": "bcg",
        "report": "4 weeks",
        "reporter": "tanvir",
      },
      Object {
        "date": "20-05-2020",
        "message": "cpv",
        "report": "6 weeks",
        "reporter": "tanvir",
      },
    ]
  }
  tabs={
    Array [
      "child-health",
    ]
  }
>
  <Col
    md="12"
    tag="div"
    widths={
      Array [
        "xs",
        "sm",
        "md",
        "lg",
        "xl",
      ]
    }
  >
    <div
      className="col-md-12"
    >
      <Nav
        style={
          Object {
            "marginLeft": "2.5%",
          }
        }
        tabs={true}
        tag="ul"
        vertical={false}
      >
        <ul
          className="nav nav-tabs"
          style={
            Object {
              "marginLeft": "2.5%",
            }
          }
        >
          <NavItem
            key="0"
            onClick={[Function]}
            tag="li"
          >
            <li
              className="nav-item"
              onClick={[Function]}
            >
              <NavLink
                className=""
                tag="a"
              >
                <a
                  className="nav-link"
                  onClick={[Function]}
                >
                  child-health
                </a>
              </NavLink>
            </li>
          </NavItem>
        </ul>
      </Nav>
      <TabContent
        activeTab="1"
        tag="div"
      >
        <div
          className="tab-content"
        >
          <TabPane
            tabId="1"
            tag="div"
          >
            <div
              className="tab-pane active"
            >
              <Row
                tag="div"
                widths={
                  Array [
                    "xs",
                    "sm",
                    "md",
                    "lg",
                    "xl",
                  ]
                }
              >
                <div
                  className="row"
                >
                  <ChildBasicInfo
                    child={
                      Object {
                        "_id": "9b67a82d-dac7-40c0-85aa-e5976339a6b6",
                        "_rev": "v1",
                        "addresses": Array [
                          Object {
                            "addressFields": null,
                            "addressType": "",
                            "cityVillage": "Tha Luang",
                            "country": null,
                            "countyDistrict": null,
                            "endDate": null,
                            "geopoint": null,
                            "latitude": null,
                            "longitude": null,
                            "postalCode": null,
                            "preferred": null,
                            "startDate": null,
                            "stateProvince": null,
                            "subDistrict": null,
                            "subTown": null,
                            "town": null,
                          },
                        ],
                        "attributes": Object {
                          "residence": "da765947-5e4d-49f7-9eb8-2d2d00681f65",
                        },
                        "baseEntityId": "71ad460c-bf76-414e-9be1-0d1b2cb1bce8",
                        "birthdate": 7200000,
                        "birthdateApprox": false,
                        "clientApplicationVersion": 2,
                        "clientDatabaseVersion": 2,
                        "dateCreated": 1557670951023,
                        "deathdateApprox": false,
                        "firstName": "Khumpai",
                        "gender": "Male",
                        "identifiers": Object {
                          "opensrp_id": "11096120_family",
                        },
                        "lastName": "Family",
                        "relationships": Object {
                          "family_head": Array [
                            "7d97182f-d623-4553-8651-5a29d2fe3f0b",
                          ],
                          "primary_caregiver": Array [
                            "7d97182f-d623-4553-8651-5a29d2fe3f0b",
                          ],
                        },
                        "serverVersion": 1557670950986,
                        "type": "Client",
                      }
                    }
                  >
                    <Col
                      className="info-body"
                      tag="div"
                      widths={
                        Array [
                          "xs",
                          "sm",
                          "md",
                          "lg",
                          "xl",
                        ]
                      }
                    >
                      <div
                        className="info-body col"
                      >
                        <Table
                          borderless={true}
                          className="info-table"
                          responsiveTag="div"
                          tag="table"
                        >
                          <table
                            className="info-table table table-borderless"
                          >
                            <tbody>
                              <tr>
                                <td
                                  className="info-label"
                                >
                                  HHID Number
                                </td>
                                <td>
                                  71ad460c-bf76-414e-9be1-0d1b2cb1bce8
                                </td>
                                <td
                                  className="info-label"
                                >
                                  Phone
                                </td>
                                <td />
                              </tr>
                            </tbody>
                            <tbody>
                              <tr>
                                <td
                                  className="info-label"
                                >
                                  Family Name
                                </td>
                                <td>
                                  Family
                                </td>
                                <td
                                  className="info-label"
                                >
                                  Provider
                                </td>
                                <td />
                              </tr>
                            </tbody>
                            <tbody>
                              <tr>
                                <td
                                  className="info-label"
                                >
                                  Head of Household
                                </td>
                                <td>
                                  Khumpai
                                </td>
                                <td
                                  className="info-label"
                                >
                                  Register date
                                </td>
                                <td>
                                  1557670951023
                                </td>
                              </tr>
                            </tbody>
                          </table>
                        </Table>
                      </div>
                    </Col>
                  </ChildBasicInfo>
                </div>
              </Row>
              <Row
                tag="div"
                widths={
                  Array [
                    "xs",
                    "sm",
                    "md",
                    "lg",
                    "xl",
                  ]
                }
              >
                <div
                  className="row"
                >
                  <Col
                    className="register-section"
                    style={
                      Object {
                        "padding": "30px",
                      }
                    }
                    tag="div"
                    widths={
                      Array [
                        "xs",
                        "sm",
                        "md",
                        "lg",
                        "xl",
                      ]
                    }
                  >
                    <div
                      className="register-section col"
                      style={
                        Object {
                          "padding": "30px",
                        }
                      }
                    >
                      <Table
                        responsiveTag="div"
                        style={
                          Object {
                            "border": "2px solid #e8e8e9",
                          }
                        }
                        tag="table"
                      >
                        <table
                          className="table"
                          style={
                            Object {
                              "border": "2px solid #e8e8e9",
                            }
                          }
                        >
                          <thead
                            style={
                              Object {
                                "backgroundColor": "#f5f5f5",
                              }
                            }
                          >
                            <tr>
                              <td>
                                Report
                              </td>
                              <td>
                                Date
                              </td>
                              <td>
                                Reporter
                              </td>
                              <td
                                style={
                                  Object {
                                    "width": "50%",
                                  }
                                }
                              >
                                Message
                              </td>
                            </tr>
                          </thead>
                          <tbody>
                            <tr
                              key="0"
                            >
                              <td>
                                0 weeks
                              </td>
                              <td>
                                 
                                20-03-2020
                                 
                              </td>
                              <td>
                                tanvir
                              </td>
                              <td>
                                opv1
                              </td>
                            </tr>
                            <tr
                              key="1"
                            >
                              <td>
                                4 weeks
                              </td>
                              <td>
                                 
                                20-04-2020
                                 
                              </td>
                              <td>
                                tanvir
                              </td>
                              <td>
                                bcg
                              </td>
                            </tr>
                            <tr
                              key="2"
                            >
                              <td>
                                6 weeks
                              </td>
                              <td>
                                 
                                20-05-2020
                                 
                              </td>
                              <td>
                                tanvir
                              </td>
                              <td>
                                cpv
                              </td>
                            </tr>
                          </tbody>
                        </table>
                      </Table>
                    </div>
                  </Col>
                </div>
              </Row>
            </div>
          </TabPane>
        </div>
      </TabContent>
    </div>
  </Col>
</RegisterPanel>
`;
