// Jest Snapshot v1, https://goo.gl/fbAQLP

exports[`MotherWeightChart must render correctly 1`] = `
<div
  id="chart-wrapper"
/>
`;
