// Jest Snapshot v1, https://goo.gl/fbAQLP

exports[`containers/households/Profile should work with store 1`] = `ReactWrapper {}`;
