// Jest Snapshot v1, https://goo.gl/fbAQLP

exports[`containers/teams/list/TeamList renders correctly: TeamTable 1`] = `"IdentifierNameActiveView"`;
